// Jest Snapshot v1, https://goo.gl/fbAQLP

exports[`Home renders homepage unchanged 1`] = `
<div>
  <main>
    <h1>
      Welcome to Thullo - Trello clone
    </h1>
  </main>
</div>
`;
